******************************************************************************
                  TI ARM Linker PC v20.2.7                     
******************************************************************************
>> Linked Mon Jan  8 14:21:36 2024

OUTPUT FILE NAME:   <LAB4_UART.out>
ENTRY POINT SYMBOL: "_c_int00_noargs"  address: 00002dad


MEMORY CONFIGURATION

         name            origin    length      used     unused   attr    fill
----------------------  --------  ---------  --------  --------  ----  --------
  FLASH                 00000000   00100000  000031a5  000fce5b  R  X
  SRAM                  20000000   00040000  000013c2  0003ec3e  RW X


SEGMENT ALLOCATION MAP

run origin  load origin   length   init length attrs members
----------  ----------- ---------- ----------- ----- -------
00000000    00000000    000031a8   000031a8    r-x
  00000000    00000000    00000208   00000208    r-- .intvecs
  00000208    00000208    00002e0c   00002e0c    r-x .text
  00003014    00003014    00000101   00000101    r-- .const
  00003118    00003118    00000090   00000090    r-- .cinit
20000000    20000000    000013c5   00000000    rw-
  20000000    20000000    00000800   00000000    rw- .stack
  20000800    20000800    00000800   00000000    rw- .sysmem
  20001000    20001000    000001e9   00000000    rw- .data
  200011ec    200011ec    000001d9   00000000    rw- .bss


SECTION ALLOCATION MAP

 output                                  attributes/
section   page    origin      length       input sections
--------  ----  ----------  ----------   ----------------
.intvecs   0    00000000    00000208     
                  00000000    00000208     tm4c1294ncpdt_startup_ccs.obj (.intvecs)

.text      0    00000208    00002e0c     
                  00000208    00000a4e     rtsv7M4_T_le_v4SPD16_eabi.lib : _printfi.c.obj (.text:__TI_printfi)
                  00000c56    00000002                                   : _lock.c.obj (.text:_nop)
                  00000c58    00000328     main.obj (.text)
                  00000f80    00000270     rtsv7M4_T_le_v4SPD16_eabi.lib : _printfi.c.obj (.text:_pconv_a)
                  000011f0    000001d0                                   : _printfi.c.obj (.text:_pconv_g)
                  000013c0    000001b6                                   : fd_add_t2.asm.obj (.text)
                  00001576    00000002                                   : div0.asm.obj (.text)
                  00001578    0000013c                                   : _printfi.c.obj (.text:_pconv_e)
                  000016b4    00000136                                   : fd_div_t2.asm.obj (.text)
                  000017ea    00000002     --HOLE-- [fill = 0]
                  000017ec    00000124                                   : _printfi.c.obj (.text:fcvt)
                  00001910    00000114                                   : fputs.c.obj (.text:fputs)
                  00001a24    00000110                                   : s_scalbn.c.obj (.text:scalbn)
                  00001b34    00000100                                   : memory.c.obj (.text:aligned_alloc)
                  00001c34    000000fc                                   : fd_mul_t2.asm.obj (.text)
                  00001d30    000000e8     portj_handler.obj (.text)
                  00001e18    000000e4     rtsv7M4_T_le_v4SPD16_eabi.lib : memory.c.obj (.text:free)
                  00001efc    000000dc                                   : setvbuf.c.obj (.text:setvbuf)
                  00001fd8    000000b1                                   : _printfi.c.obj (.text:_ltostr)
                  00002089    00000001     --HOLE-- [fill = 0]
                  0000208a    0000009c                                   : memcpy_t2.asm.obj (.text)
                  00002126    00000096                                   : ull_div_t2.asm.obj (.text)
                  000021bc    0000008c                                   : fputc.c.obj (.text:fputc)
                  00002248    00000086                                   : fd_cmp_t2.asm.obj (.text:__aeabi_cdcmple)
                  000022ce    00000086                                   : fd_cmp_t2.asm.obj (.text:__aeabi_cdrcmple)
                  00002354    0000007a                                   : memset_t2.asm.obj (.text)
                  000023ce    00000002     --HOLE-- [fill = 0]
                  000023d0    00000074                                   : fclose.c.obj (.text:__TI_closefile)
                  00002444    00000070                                   : memory.c.obj (.text:split)
                  000024b4    0000006e                                   : _printfi.c.obj (.text:_mcpy)
                  00002522    00000002     --HOLE-- [fill = 0]
                  00002524    0000006c                                   : hostrename.c.obj (.text:HOSTrename)
                  00002590    00000068                                   : hostlseek.c.obj (.text:HOSTlseek)
                  000025f8    00000068                                   : copy_decompress_lzss.c.obj (.text:decompress:lzss:__TI_decompress_lzss)
                  00002660    00000068                                   : printf.c.obj (.text:printf)
                  000026c8    00000064                                   : s_frexp.c.obj (.text:frexp)
                  0000272c    00000064                                   : fseek.c.obj (.text:fseek)
                  00002790    00000062                                   : _io_perm.c.obj (.text:__TI_wrt_ok)
                  000027f2    00000002     --HOLE-- [fill = 0]
                  000027f4    00000060                                   : hostopen.c.obj (.text:HOSTopen)
                  00002854    0000005c                                   : close.c.obj (.text:close)
                  000028b0    00000058                                   : hostread.c.obj (.text:HOSTread)
                  00002908    00000058                                   : hostwrite.c.obj (.text:HOSTwrite)
                  00002960    00000056                                   : _printfi.c.obj (.text:_pconv_f)
                  000029b6    00000054                                   : _ltoa.c.obj (.text:__TI_ltoa)
                  00002a0a    00000052                                   : _printfi.c.obj (.text:_ecpy)
                  00002a5c    0000004c                                   : fflush.c.obj (.text:__TI_doflush)
                  00002aa8    0000004c                                   : atoi.c.obj (.text:atoi)
                  00002af4    00000048                                   : exit.c.obj (.text:exit)
                  00002b3c    00000048                                   : fd_toi_t2.asm.obj (.text)
                  00002b84    00000044                                   : hostclose.c.obj (.text:HOSTclose)
                  00002bc8    00000044                                   : hostunlink.c.obj (.text:HOSTunlink)
                  00002c0c    00000044                                   : autoinit.c.obj (.text:__TI_auto_init_nobinit_nopinit:__TI_auto_init_nobinit_nopinit)
                  00002c50    00000044                                   : getdevice.c.obj (.text:getdevice)
                  00002c94    0000003e                                   : _printfi.c.obj (.text:_fcpy)
                  00002cd2    00000002     --HOLE-- [fill = 0]
                  00002cd4    00000038                                   : trgmsg.c.obj (.text:__TI_writemsg)
                  00002d0c    00000036                                   : strncpy.c.obj (.text:strncpy)
                  00002d42    00000002     --HOLE-- [fill = 0]
                  00002d44    00000034                                   : fopen.c.obj (.text:__TI_cleanup)
                  00002d78    00000034                                   : trgmsg.c.obj (.text:__TI_readmsg)
                  00002dac    00000034                                   : boot_cortex_m.c.obj (.text:_c_int00_noargs:_c_int00_noargs)
                  00002de0    00000030                                   : getdevice.c.obj (.text:finddevice)
                  00002e10    0000002e                                   : i_tofd_t2.asm.obj (.text)
                  00002e3e    00000002     --HOLE-- [fill = 0]
                  00002e40    0000002c                                   : unlink.c.obj (.text:unlink)
                  00002e6c    00000028                                   : memory.c.obj (.text:free_list_insert)
                  00002e94    00000028                                   : lseek.c.obj (.text:lseek)
                  00002ebc    00000028                                   : write.c.obj (.text:write)
                  00002ee4    00000020                                   : memchr.c.obj (.text:memchr)
                  00002f04    0000001c                                   : copy_zero_init.c.obj (.text:decompress:ZI:__TI_zero_init_nomemset:__TI_zero_init_nomemset)
                  00002f20    0000001c                                   : memory.c.obj (.text:free_list_remove)
                  00002f3c    0000001c                                   : memccpy.c.obj (.text:memccpy)
                  00002f58    0000001a                                   : s_copysign.c.obj (.text:copysign)
                  00002f72    00000018                                   : strcmp.c.obj (.text:strcmp)
                  00002f8a    00000016                                   : strchr.c.obj (.text:strchr)
                  00002fa0    00000014                                   : strcpy.c.obj (.text:strcpy)
                  00002fb4    00000014                                   : strlen.c.obj (.text:strlen)
                  00002fc8    00000012                                   : wcslen.c.obj (.text:wcslen)
                  00002fda    0000000e                                   : copy_decompress_none.c.obj (.text:decompress:none:__TI_decompress_none)
                  00002fe8    0000000a     tm4c1294ncpdt_startup_ccs.obj (.text)
                  00002ff2    00000002     --HOLE-- [fill = 0]
                  00002ff4    00000008     rtsv7M4_T_le_v4SPD16_eabi.lib : errno.c.obj (.text:__aeabi_errno_addr)
                  00002ffc    00000008                                   : memory.c.obj (.text:malloc)
                  00003004    00000004                                   : printf.c.obj (.text:_outc)
                  00003008    00000004                                   : printf.c.obj (.text:_outs)
                  0000300c    00000004                                   : pre_init.c.obj (.text:_system_pre_init)
                  00003010    00000004                                   : exit.c.obj (.text:abort:abort)

.const     0    00003014    00000101     
                  00003014    00000101     rtsv7M4_T_le_v4SPD16_eabi.lib : ctype.c.obj (.const:.string:_ctypes_)

.cinit     0    00003118    00000090     
                  00003118    0000006a     (.cinit..data.load) [load image, compression = lzss]
                  00003182    00000002     --HOLE-- [fill = 0]
                  00003184    0000000c     (__TI_handler_table)
                  00003190    00000008     (.cinit..bss.load) [load image, compression = zero_init]
                  00003198    00000010     (__TI_cinit_table)

.init_array 
*          0    00000000    00000000     UNINITIALIZED

.stack     0    20000000    00000800     UNINITIALIZED
                  20000000    00000004     rtsv7M4_T_le_v4SPD16_eabi.lib : boot_cortex_m.c.obj (.stack)
                  20000004    000007fc     --HOLE--

.sysmem    0    20000800    00000800     UNINITIALIZED
                  20000800    00000010     rtsv7M4_T_le_v4SPD16_eabi.lib : memory.c.obj (.sysmem)
                  20000810    000007f0     --HOLE--

.data      0    20001000    000001e9     UNINITIALIZED
                  20001000    000000f0     rtsv7M4_T_le_v4SPD16_eabi.lib : defs.c.obj (.data:_ftable)
                  200010f0    00000078                                   : host_device.c.obj (.data:_device)
                  20001168    00000050                                   : host_device.c.obj (.data:_stream)
                  200011b8    00000010                                   : defs.c.obj (.data)
                  200011c8    0000000c                                   : exit.c.obj (.data:$O1$$)
                  200011d4    00000008                                   : _lock.c.obj (.data:$O1$$)
                  200011dc    00000008                                   : memory.c.obj (.data:$O1$$)
                  200011e4    00000004                                   : errno.c.obj (.data)
                  200011e8    00000001     main.obj (.data)

.bss       0    200011ec    000001d9     UNINITIALIZED
                  200011ec    00000120     rtsv7M4_T_le_v4SPD16_eabi.lib : trgmsg.c.obj (.bss:_CIOBUF_)
                  2000130c    000000a0     (.common:__TI_tmpnams)
                  200013ac    00000010     (.common:cmdLineUart)
                  200013bc    00000008     (.common:parmbuf)
                  200013c4    00000001     (.common:leds)

__llvm_prf_cnts 
*          0    20000000    00000000     UNINITIALIZED

MODULE SUMMARY

       Module                          code    ro data   rw data
       ------                          ----    -------   -------
    .\
       main.obj                        808     0         18     
       tm4c1294ncpdt_startup_ccs.obj   10      520       0      
       portj_handler.obj               232     0         0      
    +--+-------------------------------+-------+---------+---------+
       Total:                          1050    520       18     
                                                                
    C:\ti\ccs1250\ccs\tools\compiler\ti-cgt-arm_20.2.7.LTS\lib\rtsv7M4_T_le_v4SPD16_eabi.lib
       _printfi.c.obj                  4851    0         0      
       memory.c.obj                    672     0         8      
       fd_add_t2.asm.obj               438     0         0      
       defs.c.obj                      0       0         416    
       trgmsg.c.obj                    108     0         288    
       fd_div_t2.asm.obj               310     0         0      
       fputs.c.obj                     276     0         0      
       s_scalbn.c.obj                  272     0         0      
       fd_cmp_t2.asm.obj               268     0         0      
       ctype.c.obj                     0       257       0      
       fd_mul_t2.asm.obj               252     0         0      
       setvbuf.c.obj                   220     0         0      
       host_device.c.obj               0       0         200    
       memcpy_t2.asm.obj               156     0         0      
       ull_div_t2.asm.obj              150     0         0      
       fputc.c.obj                     140     0         0      
       memset_t2.asm.obj               122     0         0      
       fclose.c.obj                    116     0         0      
       getdevice.c.obj                 116     0         0      
       printf.c.obj                    112     0         0      
       hostrename.c.obj                108     0         0      
       copy_decompress_lzss.c.obj      104     0         0      
       hostlseek.c.obj                 104     0         0      
       hostopen.c.obj                  96      0         8      
       fseek.c.obj                     100     0         0      
       s_frexp.c.obj                   100     0         0      
       _io_perm.c.obj                  98      0         0      
       close.c.obj                     92      0         0      
       exit.c.obj                      76      0         12     
       hostread.c.obj                  88      0         0      
       hostwrite.c.obj                 88      0         0      
       _ltoa.c.obj                     84      0         0      
       atoi.c.obj                      76      0         0      
       fflush.c.obj                    76      0         0      
       fd_toi_t2.asm.obj               72      0         0      
       autoinit.c.obj                  68      0         0      
       hostclose.c.obj                 68      0         0      
       hostunlink.c.obj                68      0         0      
       strncpy.c.obj                   54      0         0      
       boot_cortex_m.c.obj             52      0         0      
       fopen.c.obj                     52      0         0      
       i_tofd_t2.asm.obj               46      0         0      
       unlink.c.obj                    44      0         0      
       lseek.c.obj                     40      0         0      
       write.c.obj                     40      0         0      
       memchr.c.obj                    32      0         0      
       copy_zero_init.c.obj            28      0         0      
       memccpy.c.obj                   28      0         0      
       s_copysign.c.obj                26      0         0      
       strcmp.c.obj                    24      0         0      
       strchr.c.obj                    22      0         0      
       strcpy.c.obj                    20      0         0      
       strlen.c.obj                    20      0         0      
       wcslen.c.obj                    18      0         0      
       copy_decompress_none.c.obj      14      0         0      
       errno.c.obj                     8       0         4      
       _lock.c.obj                     2       0         8      
       pre_init.c.obj                  4       0         0      
       div0.asm.obj                    2       0         0      
    +--+-------------------------------+-------+---------+---------+
       Total:                          10721   257       944    
                                                                
       Heap:                           0       0         2048   
       Stack:                          0       0         2048   
       Linker Generated:               0       142       0      
    +--+-------------------------------+-------+---------+---------+
       Grand Total:                    11771   919       5058   


LINKER GENERATED COPY TABLES

__TI_cinit_table @ 00003198 records: 2, size/record: 8, table size: 16
	.data: load addr=00003118, load size=0000006a bytes, run addr=20001000, run size=000001e9 bytes, compression=lzss
	.bss: load addr=00003190, load size=00000008 bytes, run addr=200011ec, run size=000001d9 bytes, compression=zero_init


LINKER GENERATED HANDLER TABLE

__TI_handler_table @ 00003184 records: 3, size/record: 4, table size: 12
	index: 0, handler: __TI_decompress_lzss
	index: 1, handler: __TI_decompress_none
	index: 2, handler: __TI_zero_init


GLOBAL SYMBOLS: SORTED ALPHABETICALLY BY Name 

address   name                           
-------   ----                           
00003011  C$$EXIT                        
00002d03  C$$IO$$                        
00002b85  HOSTclose                      
00002591  HOSTlseek                      
000027f5  HOSTopen                       
000028b1  HOSTread                       
00002525  HOSTrename                     
00002bc9  HOSTunlink                     
00002909  HOSTwrite                      
00001d31  IntPortJHandler                
00002fe9  ResetISR                       
200011ec  __CIOBUF_                      
20000800  __STACK_END                    
00000800  __STACK_SIZE                   
20000200  __STACK_TOP                    
00000800  __SYSMEM_SIZE                  
00003198  __TI_CINIT_Base                
000031a8  __TI_CINIT_Limit               
00003184  __TI_Handler_Table_Base        
00003190  __TI_Handler_Table_Limit       
00002c0d  __TI_auto_init_nobinit_nopinit 
00002d45  __TI_cleanup                   
200011c8  __TI_cleanup_ptr               
000023d1  __TI_closefile                 
000025f9  __TI_decompress_lzss           
00002fdb  __TI_decompress_none           
00002a5d  __TI_doflush                   
200011cc  __TI_dtors_ptr                 
200011d0  __TI_enable_exit_profile_output
200011b8  __TI_ft_end                    
000029b7  __TI_ltoa                      
ffffffff  __TI_pprof_out_hndl            
00000209  __TI_printfi                   
ffffffff  __TI_prof_data_size            
ffffffff  __TI_prof_data_start           
00002d79  __TI_readmsg                   
00000000  __TI_static_base__             
2000130c  __TI_tmpnams                   
00002cd5  __TI_writemsg                  
00002791  __TI_wrt_ok                    
00002f05  __TI_zero_init_nomemset        
00002249  __aeabi_cdcmpeq                
00002249  __aeabi_cdcmple                
000022cf  __aeabi_cdrcmple               
00002b3d  __aeabi_d2iz                   
000013cb  __aeabi_dadd                   
000016b5  __aeabi_ddiv                   
00001c35  __aeabi_dmul                   
000013c1  __aeabi_dsub                   
00002ff5  __aeabi_errno_addr             
00002e11  __aeabi_i2d                    
00001577  __aeabi_idiv0                  
00001577  __aeabi_ldiv0                  
00002355  __aeabi_memclr                 
00002355  __aeabi_memclr4                
00002355  __aeabi_memclr8                
0000208b  __aeabi_memcpy                 
0000208b  __aeabi_memcpy4                
0000208b  __aeabi_memcpy8                
00002357  __aeabi_memset                 
00002357  __aeabi_memset4                
00002357  __aeabi_memset8                
200011c4  __aeabi_stderr                 
200011bc  __aeabi_stdin                  
200011c0  __aeabi_stdout                 
00002127  __aeabi_uldivmod               
ffffffff  __binit__                      
ffffffff  __c_args__                     
UNDEFED   __mpu_init                     
20000000  __stack                        
20000000  __start___llvm_prf_cnts        
20000000  __stop___llvm_prf_cnts         
00002dad  _c_int00_noargs                
00003014  _ctypes_                       
200010f0  _device                        
20001000  _ftable                        
200011d4  _lock                          
00000c57  _nop                           
20001168  _stream                        
20000800  _sys_memory                    
UNDEFED   _system_post_cinit             
0000300d  _system_pre_init               
200011d8  _unlock                        
00003011  abort                          
00001b35  aligned_alloc                  
00002aa9  atoi                           
ffffffff  binit                          
00002855  close                          
200013ac  cmdLineUart                    
00000dad  cmdToLed                       
00000d3f  configPortA                    
00000e61  configPortJ                    
00000d71  configUart0                    
00002f59  copysign                       
00002f59  copysignl                      
200011e4  errno                          
00002af5  exit                           
00002de1  finddevice                     
000021bd  fputc                          
00001911  fputs                          
00001e19  free                           
000026c9  frexp                          
000026c9  frexpl                         
0000272d  fseek                          
00000000  g_pfnVectors                   
00002c51  getdevice                      
00001a25  ldexp                          
00001a25  ldexpl                         
200013c4  leds                           
00002e95  lseek                          
00000c59  main                           
00002ffd  malloc                         
00001b35  memalign                       
00002f3d  memccpy                        
00002ee5  memchr                         
0000208b  memcpy                         
0000235d  memset                         
200013bc  parmbuf                        
00002661  printf                         
200011e8  promptText                     
000021bd  putc                           
00002e41  remove                         
00001a25  scalbn                         
00001a25  scalbnl                        
00001efd  setvbuf                        
00002f8b  strchr                         
00002f73  strcmp                         
00002fa1  strcpy                         
00002fb5  strlen                         
00002d0d  strncpy                        
00002e41  unlink                         
00002fc9  wcslen                         
00002ebd  write                          


GLOBAL SYMBOLS: SORTED BY Symbol Address 

address   name                           
-------   ----                           
00000000  __TI_static_base__             
00000000  g_pfnVectors                   
00000209  __TI_printfi                   
00000800  __STACK_SIZE                   
00000800  __SYSMEM_SIZE                  
00000c57  _nop                           
00000c59  main                           
00000d3f  configPortA                    
00000d71  configUart0                    
00000dad  cmdToLed                       
00000e61  configPortJ                    
000013c1  __aeabi_dsub                   
000013cb  __aeabi_dadd                   
00001577  __aeabi_idiv0                  
00001577  __aeabi_ldiv0                  
000016b5  __aeabi_ddiv                   
00001911  fputs                          
00001a25  ldexp                          
00001a25  ldexpl                         
00001a25  scalbn                         
00001a25  scalbnl                        
00001b35  aligned_alloc                  
00001b35  memalign                       
00001c35  __aeabi_dmul                   
00001d31  IntPortJHandler                
00001e19  free                           
00001efd  setvbuf                        
0000208b  __aeabi_memcpy                 
0000208b  __aeabi_memcpy4                
0000208b  __aeabi_memcpy8                
0000208b  memcpy                         
00002127  __aeabi_uldivmod               
000021bd  fputc                          
000021bd  putc                           
00002249  __aeabi_cdcmpeq                
00002249  __aeabi_cdcmple                
000022cf  __aeabi_cdrcmple               
00002355  __aeabi_memclr                 
00002355  __aeabi_memclr4                
00002355  __aeabi_memclr8                
00002357  __aeabi_memset                 
00002357  __aeabi_memset4                
00002357  __aeabi_memset8                
0000235d  memset                         
000023d1  __TI_closefile                 
00002525  HOSTrename                     
00002591  HOSTlseek                      
000025f9  __TI_decompress_lzss           
00002661  printf                         
000026c9  frexp                          
000026c9  frexpl                         
0000272d  fseek                          
00002791  __TI_wrt_ok                    
000027f5  HOSTopen                       
00002855  close                          
000028b1  HOSTread                       
00002909  HOSTwrite                      
000029b7  __TI_ltoa                      
00002a5d  __TI_doflush                   
00002aa9  atoi                           
00002af5  exit                           
00002b3d  __aeabi_d2iz                   
00002b85  HOSTclose                      
00002bc9  HOSTunlink                     
00002c0d  __TI_auto_init_nobinit_nopinit 
00002c51  getdevice                      
00002cd5  __TI_writemsg                  
00002d03  C$$IO$$                        
00002d0d  strncpy                        
00002d45  __TI_cleanup                   
00002d79  __TI_readmsg                   
00002dad  _c_int00_noargs                
00002de1  finddevice                     
00002e11  __aeabi_i2d                    
00002e41  remove                         
00002e41  unlink                         
00002e95  lseek                          
00002ebd  write                          
00002ee5  memchr                         
00002f05  __TI_zero_init_nomemset        
00002f3d  memccpy                        
00002f59  copysign                       
00002f59  copysignl                      
00002f73  strcmp                         
00002f8b  strchr                         
00002fa1  strcpy                         
00002fb5  strlen                         
00002fc9  wcslen                         
00002fdb  __TI_decompress_none           
00002fe9  ResetISR                       
00002ff5  __aeabi_errno_addr             
00002ffd  malloc                         
0000300d  _system_pre_init               
00003011  C$$EXIT                        
00003011  abort                          
00003014  _ctypes_                       
00003184  __TI_Handler_Table_Base        
00003190  __TI_Handler_Table_Limit       
00003198  __TI_CINIT_Base                
000031a8  __TI_CINIT_Limit               
20000000  __stack                        
20000000  __start___llvm_prf_cnts        
20000000  __stop___llvm_prf_cnts         
20000200  __STACK_TOP                    
20000800  __STACK_END                    
20000800  _sys_memory                    
20001000  _ftable                        
200010f0  _device                        
20001168  _stream                        
200011b8  __TI_ft_end                    
200011bc  __aeabi_stdin                  
200011c0  __aeabi_stdout                 
200011c4  __aeabi_stderr                 
200011c8  __TI_cleanup_ptr               
200011cc  __TI_dtors_ptr                 
200011d0  __TI_enable_exit_profile_output
200011d4  _lock                          
200011d8  _unlock                        
200011e4  errno                          
200011e8  promptText                     
200011ec  __CIOBUF_                      
2000130c  __TI_tmpnams                   
200013ac  cmdLineUart                    
200013bc  parmbuf                        
200013c4  leds                           
ffffffff  __TI_pprof_out_hndl            
ffffffff  __TI_prof_data_size            
ffffffff  __TI_prof_data_start           
ffffffff  __binit__                      
ffffffff  __c_args__                     
ffffffff  binit                          
UNDEFED   __mpu_init                     
UNDEFED   _system_post_cinit             

[133 symbols]
